[32m[1m    CondaPkg [22m[39m[0mFound dev dependencies: /Users/maximilianfrohlich/Documents/GitHub/yaqs-julia/CondaPkg.toml
[32m[1m    CondaPkg [22m[39m[0mFound dependencies: /Users/maximilianfrohlich/.julia/packages/PythonCall/wkBj7/CondaPkg.toml
[32m[1m    CondaPkg [22m[39m[0mFound dependencies: /Users/maximilianfrohlich/.julia/packages/CondaPkg/0UqYV/CondaPkg.toml
[32m[1m    CondaPkg [22m[39m[0mInitialising pixi
[32m[1m             [22m[39m│ [90m/Users/maximilianfrohlich/.julia/artifacts/d2fecc2a9fa3eac2108d3e4d9d155e6ff5dfd0b2/bin/pixi[39m
[32m[1m             [22m[39m│ [90minit[39m
[32m[1m             [22m[39m│ [90m--format pixi[39m
[32m[1m             [22m[39m└ [90m/Users/maximilianfrohlich/Documents/GitHub/yaqs-julia/.CondaPkg[39m
[32m✔ [0mCreated /Users/maximilianfrohlich/Documents/GitHub/yaqs-julia/.CondaPkg/pixi.toml
[32m[1m    CondaPkg [22m[39m[0mWrote /Users/maximilianfrohlich/Documents/GitHub/yaqs-julia/.CondaPkg/pixi.toml
[32m[1m             [22m[39m│ [90m[dependencies][39m
[32m[1m             [22m[39m│ [90mqiskit-aer = "*"[39m
[32m[1m             [22m[39m│ [90mopenssl = ">=3, <3.6"[39m
[32m[1m             [22m[39m│ [90mqiskit-ibm-runtime = "*"[39m
[32m[1m             [22m[39m│ [90mrustworkx = "*"[39m
[32m[1m             [22m[39m│ [90mmatplotlib = "*"[39m
[32m[1m             [22m[39m│ [90mqutip = "*"[39m
[32m[1m             [22m[39m│ [90mnumpy = "*"[39m
[32m[1m             [22m[39m│ [90mopt_einsum = "*"[39m
[32m[1m             [22m[39m│ 
[32m[1m             [22m[39m│ [90m    [dependencies.python][39m
[32m[1m             [22m[39m│ [90m    channel = "conda-forge"[39m
[32m[1m             [22m[39m│ [90m    build = "*cp*"[39m
[32m[1m             [22m[39m│ [90m    version = "3.12.*, >=3.10,<3.14"[39m
[32m[1m             [22m[39m│ 
[32m[1m             [22m[39m│ [90m    [dependencies.qiskit][39m
[32m[1m             [22m[39m│ [90m    channel = "conda-forge"[39m
[32m[1m             [22m[39m│ [90m    version = "*"[39m
[32m[1m             [22m[39m│ 
[32m[1m             [22m[39m│ [90m[project][39m
[32m[1m             [22m[39m│ [90mname = ".CondaPkg"[39m
[32m[1m             [22m[39m│ [90mplatforms = ["osx-arm64"][39m
[32m[1m             [22m[39m│ [90mchannels = ["conda-forge"][39m
[32m[1m             [22m[39m│ [90mchannel-priority = "strict"[39m
[32m[1m             [22m[39m└ [90mdescription = "automatically generated by CondaPkg.jl"[39m
[32m[1m    CondaPkg [22m[39m[0mInstalling packages
[32m[1m             [22m[39m│ [90m/Users/maximilianfrohlich/.julia/artifacts/d2fecc2a9fa3eac2108d3e4d9d155e6ff5dfd0b2/bin/pixi[39m
[32m[1m             [22m[39m│ [90minstall[39m
[32m[1m             [22m[39m└ [90m--manifest-path /Users/maximilianfrohlich/Documents/GitHub/yaqs-julia/.CondaPkg/pixi.toml[39m
[32m✔ [0mThe [35mdefault[0m environment has been installed.
[batch] launching 15 experiments

[batch] (1/15) tag=tfim_L8_easy model=tfim L=8 dt=0.1 steps=100 ref=qutip
[batch] finished tag=tfim_L8_easy

[batch] (2/15) tag=tfim_L9_near_critical model=tfim L=9 dt=0.05 steps=200 ref=qutip
[batch] finished tag=tfim_L9_near_critical

[batch] (3/15) tag=tfim_L10_strong_field model=tfim L=10 dt=0.05 steps=200 ref=qutip
[batch] finished tag=tfim_L10_strong_field

[batch] (4/15) tag=tfim_L12_weak_field model=tfim L=12 dt=0.1 steps=150 ref=qutip
[batch] finished tag=tfim_L12_weak_field

[batch] (5/15) tag=xx_L8 model=xx L=8 dt=0.05 steps=200 ref=qutip
[batch] finished tag=xx_L8

[batch] (6/15) tag=xx_L10_with_hz model=xx L=10 dt=0.05 steps=200 ref=qutip
[batch] finished tag=xx_L10_with_hz

[batch] (7/15) tag=xy_L9_gamma0p5 model=xy L=9 dt=0.05 steps=200 ref=qutip
[batch] finished tag=xy_L9_gamma0p5

[batch] (8/15) tag=xy_L11_gamma0p8_hx model=xy L=11 dt=0.05 steps=200 ref=qutip
[batch] finished tag=xy_L11_gamma0p8_hx

[batch] (9/15) tag=xxz_L10_Delta0p5 model=xxz L=10 dt=0.05 steps=200 ref=qutip
[batch] finished tag=xxz_L10_Delta0p5

[batch] (10/15) tag=xxz_L12_Delta1p5_hz model=xxz L=12 dt=0.05 steps=200 ref=qutip
[batch] finished tag=xxz_L12_Delta1p5_hz

[batch] (11/15) tag=heis_L8 model=heisenberg L=8 dt=0.05 steps=200 ref=qutip
[batch] finished tag=heis_L8

[batch] (12/15) tag=heis_L10_with_hz model=heisenberg L=10 dt=0.05 steps=200 ref=qutip
[batch] finished tag=heis_L10_with_hz

[batch] (13/15) tag=tfim_L8_long_t50 model=tfim L=8 dt=0.1 steps=500 ref=qutip
[batch] finished tag=tfim_L8_long_t50

[batch] (14/15) tag=xxz_L10_long_t50 model=xxz L=10 dt=0.1 steps=500 ref=qutip
[batch] finished tag=xxz_L10_long_t50

[batch] (15/15) tag=heis_L10_long_t50 model=heisenberg L=10 dt=0.1 steps=500 ref=qutip
[batch] finished tag=heis_L10_long_t50
\n[batch] done
iment8/meta.txt
[batch] finished tag=tfim_L9_near_critical

[batch] (3/15) tag=tfim_L10_strong_field model=tfim L=10 dt=0.05 steps=200 ref=qutip
[exp_runs] using auto outdir /Users/maximilianfrohlich/Documents/GitHub/yaqs-julia/04_BUG_exps/experiment9 (experiment 9)
[exp_runs] FIXED runtime: 0.756s
[exp_runs] ADAPTIVE runtime: 3.252s
[exp_runs] DOUBLEFIXED runtime: 2.855s
[exp_runs] DOUBLEADAPTIVE runtime: 6.208s
[exp_runs] SINGLE_SITE_TDVP runtime: 0.436s
[exp_runs] TWO_SITE_TDVP runtime: 8.773s
[exp_runs] wrote /Users/maximilianfrohlich/Documents/GitHub/yaqs-julia/04_BUG_exps/experiment9/runs_comparison.png
[exp_runs] wrote /Users/maximilianfrohlich/Documents/GitHub/yaqs-julia/04_BUG_exps/experiment9/timeseries.csv
[exp_runs] wrote /Users/maximilianfrohlich/Documents/GitHub/yaqs-julia/04_BUG_exps/experiment9/meta.txt
[batch] finished tag=tfim_L10_strong_field

[batch] (4/15) tag=tfim_L12_weak_field model=tfim L=12 dt=0.1 steps=150 ref=qutip
[exp_runs] using auto outdir /Users/maximilianfrohlich/Documents/GitHub/yaqs-julia/04_BUG_exps/experiment10 (experiment 10)
[exp_runs] FIXED runtime: 2.295s
[exp_runs] ADAPTIVE runtime: 8.564s
[exp_runs] DOUBLEFIXED runtime: 8.080s
[exp_runs] DOUBLEADAPTIVE runtime: 17.714s
[exp_runs] SINGLE_SITE_TDVP runtime: 0.476s
[exp_runs] TWO_SITE_TDVP runtime: 19.836s
[exp_runs] wrote /Users/maximilianfrohlich/Documents/GitHub/yaqs-julia/04_BUG_exps/experiment10/runs_comparison.png
[exp_runs] wrote /Users/maximilianfrohlich/Documents/GitHub/yaqs-julia/04_BUG_exps/experiment10/timeseries.csv
[exp_runs] wrote /Users/maximilianfrohlich/Documents/GitHub/yaqs-julia/04_BUG_exps/experiment10/meta.txt
[batch] finished tag=tfim_L12_weak_field

[batch] (5/15) tag=xx_L8 model=xx L=8 dt=0.05 steps=200 ref=qutip
[exp_runs] using auto outdir /Users/maximilianfrohlich/Documents/GitHub/yaqs-julia/04_BUG_exps/experiment11 (experiment 11)
[exp_runs] FIXED runtime: 0.636s
[exp_runs] ADAPTIVE runtime: 1.253s
[exp_runs] DOUBLEFIXED runtime: 1.690s
[exp_runs] DOUBLEADAPTIVE runtime: 2.462s
[exp_runs] SINGLE_SITE_TDVP runtime: 1.127s
[exp_runs] TWO_SITE_TDVP runtime: 3.958s
[exp_runs] wrote /Users/maximilianfrohlich/Documents/GitHub/yaqs-julia/04_BUG_exps/experiment11/runs_comparison.png
[exp_runs] wrote /Users/maximilianfrohlich/Documents/GitHub/yaqs-julia/04_BUG_exps/experiment11/timeseries.csv
[exp_runs] wrote /Users/maximilianfrohlich/Documents/GitHub/yaqs-julia/04_BUG_exps/experiment11/meta.txt
[batch] finished tag=xx_L8

[batch] (6/15) tag=xx_L10_with_hz model=xx L=10 dt=0.05 steps=200 ref=qutip
[exp_runs] using auto outdir /Users/maximilianfrohlich/Documents/GitHub/yaqs-julia/04_BUG_exps/experiment12 (experiment 12)
[exp_runs] FIXED runtime: 0.222s
[exp_runs] ADAPTIVE runtime: 0.352s
[exp_runs] DOUBLEFIXED runtime: 2.185s
[exp_runs] DOUBLEADAPTIVE runtime: 0.605s
[exp_runs] SINGLE_SITE_TDVP runtime: 0.416s
[exp_runs] TWO_SITE_TDVP runtime: 0.947s
[exp_runs] wrote /Users/maximilianfrohlich/Documents/GitHub/yaqs-julia/04_BUG_exps/experiment12/runs_comparison.png
[exp_runs] wrote /Users/maximilianfrohlich/Documents/GitHub/yaqs-julia/04_BUG_exps/experiment12/timeseries.csv
[exp_runs] wrote /Users/maximilianfrohlich/Documents/GitHub/yaqs-julia/04_BUG_exps/experiment12/meta.txt
[batch] finished tag=xx_L10_with_hz

[batch] (7/15) tag=xy_L9_gamma0p5 model=xy L=9 dt=0.05 steps=200 ref=qutip
[exp_runs] using auto outdir /Users/maximilianfrohlich/Documents/GitHub/yaqs-julia/04_BUG_exps/experiment13 (experiment 13)
[exp_runs] FIXED runtime: 0.789s
[exp_runs] ADAPTIVE runtime: 2.141s
[exp_runs] DOUBLEFIXED runtime: 2.678s
[exp_runs] DOUBLEADAPTIVE runtime: 4.245s
[exp_runs] SINGLE_SITE_TDVP runtime: 1.345s
[exp_runs] TWO_SITE_TDVP runtime: 6.101s
[exp_runs] wrote /Users/maximilianfrohlich/Documents/GitHub/yaqs-julia/04_BUG_exps/experiment13/runs_comparison.png
[exp_runs] wrote /Users/maximilianfrohlich/Documents/GitHub/yaqs-julia/04_BUG_exps/experiment13/timeseries.csv
[exp_runs] wrote /Users/maximilianfrohlich/Documents/GitHub/yaqs-julia/04_BUG_exps/experiment13/meta.txt
[batch] finished tag=xy_L9_gamma0p5

[batch] (8/15) tag=xy_L11_gamma0p8_hx model=xy L=11 dt=0.05 steps=200 ref=qutip
[exp_runs] using auto outdir /Users/maximilianfrohlich/Documents/GitHub/yaqs-julia/04_BUG_exps/experiment14 (experiment 14)
[exp_runs] FIXED runtime: 1.987s
[exp_runs] ADAPTIVE runtime: 11.421s
[exp_runs] DOUBLEFIXED runtime: 12.896s
[exp_runs] DOUBLEADAPTIVE runtime: 20.418s
[exp_runs] SINGLE_SITE_TDVP runtime: 2.148s
[exp_runs] TWO_SITE_TDVP runtime: 27.401s
[exp_runs] wrote /Users/maximilianfrohlich/Documents/GitHub/yaqs-julia/04_BUG_exps/experiment14/runs_comparison.png
[exp_runs] wrote /Users/maximilianfrohlich/Documents/GitHub/yaqs-julia/04_BUG_exps/experiment14/timeseries.csv
[exp_runs] wrote /Users/maximilianfrohlich/Documents/GitHub/yaqs-julia/04_BUG_exps/experiment14/meta.txt
[batch] finished tag=xy_L11_gamma0p8_hx

[batch] (9/15) tag=xxz_L10_Delta0p5 model=xxz L=10 dt=0.05 steps=200 ref=qutip
[exp_runs] using auto outdir /Users/maximilianfrohlich/Documents/GitHub/yaqs-julia/04_BUG_exps/experiment15 (experiment 15)
[exp_runs] FIXED runtime: 0.968s
[exp_runs] ADAPTIVE runtime: 6.189s
[exp_runs] DOUBLEFIXED runtime: 5.159s
[exp_runs] DOUBLEADAPTIVE runtime: 11.106s
[exp_runs] SINGLE_SITE_TDVP runtime: 1.699s
[exp_runs] TWO_SITE_TDVP runtime: 17.923s
[exp_runs] wrote /Users/maximilianfrohlich/Documents/GitHub/yaqs-julia/04_BUG_exps/experiment15/runs_comparison.png
[exp_runs] wrote /Users/maximilianfrohlich/Documents/GitHub/yaqs-julia/04_BUG_exps/experiment15/timeseries.csv
[exp_runs] wrote /Users/maximilianfrohlich/Documents/GitHub/yaqs-julia/04_BUG_exps/experiment15/meta.txt
[batch] finished tag=xxz_L10_Delta0p5

[batch] (10/15) tag=xxz_L12_Delta1p5_hz model=xxz L=12 dt=0.05 steps=200 ref=qutip
[exp_runs] using auto outdir /Users/maximilianfrohlich/Documents/GitHub/yaqs-julia/04_BUG_exps/experiment16 (experiment 16)
[exp_runs] FIXED runtime: 0.243s
[exp_runs] ADAPTIVE runtime: 0.432s
[exp_runs] DOUBLEFIXED runtime: 13.266s
[exp_runs] DOUBLEADAPTIVE runtime: 0.834s
[exp_runs] SINGLE_SITE_TDVP runtime: 0.621s
[exp_runs] TWO_SITE_TDVP runtime: 1.212s
[exp_runs] wrote /Users/maximilianfrohlich/Documents/GitHub/yaqs-julia/04_BUG_exps/experiment16/runs_comparison.png
[exp_runs] wrote /Users/maximilianfrohlich/Documents/GitHub/yaqs-julia/04_BUG_exps/experiment16/timeseries.csv
[exp_runs] wrote /Users/maximilianfrohlich/Documents/GitHub/yaqs-julia/04_BUG_exps/experiment16/meta.txt
[batch] finished tag=xxz_L12_Delta1p5_hz

[batch] (11/15) tag=heis_L8 model=heisenberg L=8 dt=0.05 steps=200 ref=qutip
[exp_runs] using auto outdir /Users/maximilianfrohlich/Documents/GitHub/yaqs-julia/04_BUG_exps/experiment17 (experiment 17)
[exp_runs] FIXED runtime: 0.141s
[exp_runs] ADAPTIVE runtime: 0.286s
[exp_runs] DOUBLEFIXED runtime: 1.316s
[exp_runs] DOUBLEADAPTIVE runtime: 0.510s
[exp_runs] SINGLE_SITE_TDVP runtime: 0.328s
[exp_runs] TWO_SITE_TDVP runtime: 0.703s
[exp_runs] wrote /Users/maximilianfrohlich/Documents/GitHub/yaqs-julia/04_BUG_exps/experiment17/runs_comparison.png
[exp_runs] wrote /Users/maximilianfrohlich/Documents/GitHub/yaqs-julia/04_BUG_exps/experiment17/timeseries.csv
[exp_runs] wrote /Users/maximilianfrohlich/Documents/GitHub/yaqs-julia/04_BUG_exps/experiment17/meta.txt
[batch] finished tag=heis_L8

[batch] (12/15) tag=heis_L10_with_hz model=heisenberg L=10 dt=0.05 steps=200 ref=qutip
[exp_runs] using auto outdir /Users/maximilianfrohlich/Documents/GitHub/yaqs-julia/04_BUG_exps/experiment18 (experiment 18)
[exp_runs] FIXED runtime: 0.139s
[exp_runs] ADAPTIVE runtime: 0.206s
[exp_runs] DOUBLEFIXED runtime: 2.656s
[exp_runs] DOUBLEADAPTIVE runtime: 0.646s
[exp_runs] SINGLE_SITE_TDVP runtime: 0.447s
[exp_runs] TWO_SITE_TDVP runtime: 0.944s
[exp_runs] wrote /Users/maximilianfrohlich/Documents/GitHub/yaqs-julia/04_BUG_exps/experiment18/runs_comparison.png
[exp_runs] wrote /Users/maximilianfrohlich/Documents/GitHub/yaqs-julia/04_BUG_exps/experiment18/timeseries.csv
[exp_runs] wrote /Users/maximilianfrohlich/Documents/GitHub/yaqs-julia/04_BUG_exps/experiment18/meta.txt
[batch] finished tag=heis_L10_with_hz

[batch] (13/15) tag=tfim_L8_long_t50 model=tfim L=8 dt=0.1 steps=500 ref=qutip
[exp_runs] using auto outdir /Users/maximilianfrohlich/Documents/GitHub/yaqs-julia/04_BUG_exps/experiment19 (experiment 19)
[exp_runs] FIXED runtime: 1.354s
[exp_runs] ADAPTIVE runtime: 2.963s
[exp_runs] DOUBLEFIXED runtime: 3.933s
[exp_runs] DOUBLEADAPTIVE runtime: 5.903s
[exp_runs] SINGLE_SITE_TDVP runtime: 1.460s
[exp_runs] TWO_SITE_TDVP runtime: 9.363s
[exp_runs] wrote /Users/maximilianfrohlich/Documents/GitHub/yaqs-julia/04_BUG_exps/experiment19/runs_comparison.png
[exp_runs] wrote /Users/maximilianfrohlich/Documents/GitHub/yaqs-julia/04_BUG_exps/experiment19/timeseries.csv
[exp_runs] wrote /Users/maximilianfrohlich/Documents/GitHub/yaqs-julia/04_BUG_exps/experiment19/meta.txt
[batch] finished tag=tfim_L8_long_t50

[batch] (14/15) tag=xxz_L10_long_t50 model=xxz L=10 dt=0.1 steps=500 ref=qutip
[exp_runs] using auto outdir /Users/maximilianfrohlich/Documents/GitHub/yaqs-julia/04_BUG_exps/experiment20 (experiment 20)
[exp_runs] FIXED runtime: 0.473s
[exp_runs] ADAPTIVE runtime: 0.959s
[exp_runs] DOUBLEFIXED runtime: 9.354s
[exp_runs] DOUBLEADAPTIVE runtime: 1.901s
[exp_runs] SINGLE_SITE_TDVP runtime: 1.073s
[exp_runs] TWO_SITE_TDVP runtime: 2.429s
[exp_runs] wrote /Users/maximilianfrohlich/Documents/GitHub/yaqs-julia/04_BUG_exps/experiment20/runs_comparison.png
[exp_runs] wrote /Users/maximilianfrohlich/Documents/GitHub/yaqs-julia/04_BUG_exps/experiment20/timeseries.csv
[exp_runs] wrote /Users/maximilianfrohlich/Documents/GitHub/yaqs-julia/04_BUG_exps/experiment20/meta.txt
[batch] finished tag=xxz_L10_long_t50

[batch] (15/15) tag=heis_L10_long_t50 model=heisenberg L=10 dt=0.1 steps=500 ref=qutip
[exp_runs] using auto outdir /Users/maximilianfrohlich/Documents/GitHub/yaqs-julia/04_BUG_exps/experiment21 (experiment 21)
[exp_runs] FIXED runtime: 0.573s
[exp_runs] ADAPTIVE runtime: 0.962s
[exp_runs] DOUBLEFIXED runtime: 7.389s
[exp_runs] DOUBLEADAPTIVE runtime: 1.904s
[exp_runs] SINGLE_SITE_TDVP runtime: 1.088s
[exp_runs] TWO_SITE_TDVP runtime: 2.420s
[exp_runs] wrote /Users/maximilianfrohlich/Documents/GitHub/yaqs-julia/04_BUG_exps/experiment21/runs_comparison.png
[exp_runs] wrote /Users/maximilianfrohlich/Documents/GitHub/yaqs-julia/04_BUG_exps/experiment21/timeseries.csv
[exp_runs] wrote /Users/maximilianfrohlich/Documents/GitHub/yaqs-julia/04_BUG_exps/experiment21/meta.txt
[batch] finished tag=heis_L10_long_t50
\n[batch] done
